---
source: crates/cli/tests/run_python_test.rs
assertion_line: 62
expression: assert.output()
---
▪▪▪▪ Install pip dependencies from install args
▪▪▪▪ python:poetry
Poetry (version 1.8.4)
▪▪▪▪ python:poetry (100ms)

Tasks: 1 completed
 Time: 100ms
